// Jest Snapshot v1, https://goo.gl/fbAQLP

exports[`renders Home correctly 1`] = `
<div
  className="Home"
>
  <div
    className="Home-header"
  >
    <img
      alt="logo"
      className="Home-logo"
      src="react.svg"
    />
    <h2>
      Welcome to Razzle
    </h2>
  </div>
  <p
    className="Home-intro"
  >
    To get started, edit 
    <code>
      src/App.js
    </code>
     or
    <code>
      src/Home.js
    </code>
     and save to reload.
  </p>
  <ul
    className="Home-resources"
  >
    <li>
      <a
        href="https://github.com/jaredpalmer/razzle"
      >
        Docs
      </a>
    </li>
    <li>
      <a
        href="https://github.com/jaredpalmer/razzle/issues"
      >
        Issues
      </a>
    </li>
    <li>
      <a
        href="https://palmer.chat"
      >
        Community Slack
      </a>
    </li>
  </ul>
  <div>
    Hai, Hello World really excetiing ok ok
    <button
      className="sc-bdVaJa igGFgA"
    >
      PUSH
    </button>
  </div>
  <div>
    <p>
      0
    </p>
    <button
      className="sc-bwzfXH hwcCHa"
      onClick={[Function]}
    >
      Increment
    </button>
    <button
      className="sc-bwzfXH czLwVv"
      onClick={[Function]}
    >
      Decrement
    </button>
  </div>
  <a
    href="/counter"
    onClick={[Function]}
  >
     to counter
  </a>
</div>
`;
